/Applications/krita.app/Contents/MacOS/ffmpeg -hide_banner -y -y -r 24 -start_number 0 -start_number_range 1 -i /Users/rache1/Desktop/website/portfolio/game/frame%04d.png -i /Users/rache1/Desktop/website/portfolio/game/KritaTempPalettegen_%06d.png -lavfi [0:v][1:v]paletteuse=dither=sierra2_4a:diff_mode=none -f gif -loop 0 -gifflags +transdiff /Users/rache1/Desktop/website/portfolio/game/Untitled_Artwork-7 4.gif
=====================================================
Input #0, image2, from '/Users/rache1/Desktop/website/portfolio/game/frame%04d.png':
  Duration: 00:00:03.16, start: 0.000000, bitrate: N/A
  Stream #0:0: Video: png, rgba(pc, gbr/unknown/unknown), 527x694 [SAR 2834:2834 DAR 527:694], 25 fps, 25 tbr, 25 tbn
Input #1, image2, from '/Users/rache1/Desktop/website/portfolio/game/KritaTempPalettegen_%06d.png':
  Duration: 00:00:00.04, start: 0.000000, bitrate: N/A
  Stream #1:0: Video: png, rgba(pc, gbr/unknown/unknown), 16x16 [SAR 1:1 DAR 1:1], 25 fps, 25 tbr, 25 tbn
Stream mapping:
  Stream #0:0 (png) -> paletteuse
  Stream #1:0 (png) -> paletteuse
  paletteuse:default -> Stream #0:0 (gif)
Press [q] to stop, [?] for help
Output #0, gif, to '/Users/rache1/Desktop/website/portfolio/game/Untitled_Artwork-7 4.gif':
  Metadata:
    encoder         : Lavf61.7.100
  Stream #0:0: Video: gif, pal8(pc, gbr/unknown/unknown, progressive), 527x694 [SAR 1:1 DAR 527:694], q=2-31, 200 kb/s, 24 fps, 100 tbn
      Metadata:
        encoder         : Lavc61.19.101 gif
frame=   55 fps=0.0 q=-0.0 size=    1024KiB time=00:00:02.29 bitrate=3660.5kbits/s speed=4.54x    [out#0/gif @ 0x154e06a80] video:1741KiB audio:0KiB subtitle:0KiB other streams:0KiB global headers:0KiB muxing overhead: 0.001122%
frame=   79 fps=0.0 q=-0.0 Lsize=    1741KiB time=00:00:03.29 bitrate=4333.4kbits/s speed=4.04x    
